+ exec gosu vibecode scripts/studio
Starting in development mode...
Installing dependencies...
[0.03ms] ".env"
bun install v1.2.19 (aad3abea)

Checked 69 installs across 70 packages (no changes) [9.00ms]
No prisma/schema.prisma found. Studio requires a Prisma schema.
+ exec gosu vibecode scripts/studio
Starting in development mode...
Installing dependencies...
[0.03ms] ".env"
bun install v1.2.19 (aad3abea)

Checked 69 installs across 70 packages (no changes) [4.00ms]
No prisma/schema.prisma found. Studio requires a Prisma schema.
+ exec gosu vibecode scripts/studio
Starting in development mode...
Installing dependencies...
[0.03ms] ".env"
bun install v1.2.19 (aad3abea)

Checked 69 installs across 70 packages (no changes) [4.00ms]
No prisma/schema.prisma found. Studio requires a Prisma schema.
+ exec gosu vibecode scripts/studio
Starting in development mode...
Installing dependencies...
[0.03ms] ".env"
bun install v1.2.19 (aad3abea)

Checked 104 installs across 105 packages (no changes) [5.00ms]
No prisma/schema.prisma found. Studio requires a Prisma schema.
+ exec gosu vibecode scripts/studio
Starting in development mode...
Installing dependencies...
[0.03ms] ".env"
bun install v1.2.19 (aad3abea)

Checked 104 installs across 105 packages (no changes) [4.00ms]
Starting Cloud Studio...
Cloud Studio starting on http://0.0.0.0:3001
Cloud Studio is running at http://0.0.0.0:3001
Prisma Client not available: @prisma/client did not initialize yet. Please run "prisma generate" and try to import it again.
The UI will display setup instructions.
+ exec gosu vibecode scripts/studio
Starting in development mode...
Installing dependencies...
[0.03ms] ".env"
bun install v1.2.19 (aad3abea)

Checked 104 installs across 105 packages (no changes) [15.00ms]
Starting Cloud Studio...
Cloud Studio starting on http://0.0.0.0:3001
Cloud Studio is running at http://0.0.0.0:3001
Prisma Client connected
+ exec gosu vibecode scripts/studio
Starting in development mode...
Installing dependencies...
[0.04ms] ".env"
bun install v1.2.19 (aad3abea)

Checked 115 installs across 116 packages (no changes) [9.00ms]
Starting Cloud Studio...
Cloud Studio starting on http://0.0.0.0:3001
Cloud Studio is running at http://0.0.0.0:3001
Prisma Client connected
